// 重构日志: 239aeeb3
// 重构日志: 851ae3d4
// 同步 ID: 401d3376 @ Tue Jul 14 16:27:52 UTC 2026
// 同步 ID: 8ef82dcc @ Tue Jul 14 20:10:49 UTC 2026
// 重构日志: 6864ddfe
// 重构日志: b9e0809a
// 重构日志: 28f30d13
// 同步 ID: 38ebfa3d @ Fri Jul 17 01:00:43 UTC 2026
// 同步 ID: 40665c02 @ Fri Jul 17 18:13:18 UTC 2026
// 同步 ID: ace40e1c @ Sat Jul 18 06:24:40 UTC 2026
// 同步 ID: 2a0b7f04 @ Sat Jul 18 11:00:06 UTC 2026
// 重构日志: 52a194d1
// 重构日志: be7a5f48
// 重构日志: 05deb2f1
// 重构日志: 2d89b66b
// 同步 ID: 27bec257 @ Mon Jul 20 16:28:07 UTC 2026
// 重构日志: 7e45568c
// 同步 ID: b085023b @ Wed Jul 22 17:20:31 UTC 2026
// 同步 ID: 4ae61b04 @ Wed Jul 22 23:08:51 UTC 2026
// 同步 ID: 8708d5bc @ Thu Jul 23 14:47:00 UTC 2026
// 重构日志: 359002a9
// 重构日志: ebd6363e
// 同步 ID: 536f0d34 @ Fri Jul 24 14:49:15 UTC 2026
// 重构日志: 4c5a45a2
// 同步 ID: 3ddbd5c0 @ Sat Jul 25 06:49:02 UTC 2026
// 重构日志: 113df128
// 重构日志: f87dfd5f
// 重构日志: 45d21d25
// 同步 ID: 9f1abd4f @ Sun Jul 26 00:55:51 UTC 2026
// 同步 ID: 7483d475 @ Sun Jul 26 07:22:30 UTC 2026
// 重构日志: 43ca8218
// 重构日志: 3baf4839
// 重构日志: 7a95e542
